d:\directx\directx_client\intermediate\debug\engine.pch
d:\directx\directx_client\libraries\lib\engine\engine.pdb
d:\directx\directx_client\libraries\lib\engine\engine.idb
d:\directx\directx_client\intermediate\debug\pch.obj
d:\directx\directx_client\intermediate\debug\light.obj
d:\directx\directx_client\intermediate\debug\instancingmanager.obj
d:\directx\directx_client\intermediate\debug\instancingbuffer.obj
d:\directx\directx_client\intermediate\debug\inputmanager.obj
d:\directx\directx_client\intermediate\debug\indexbuffer.obj
d:\directx\directx_client\intermediate\debug\imguimanager.obj
d:\directx\directx_client\intermediate\debug\iexecute.obj
d:\directx\directx_client\intermediate\debug\graphics.obj
d:\directx\directx_client\intermediate\debug\geometryhelper.obj
d:\directx\directx_client\intermediate\debug\geometry.obj
d:\directx\directx_client\intermediate\debug\gameobject.obj
d:\directx\directx_client\intermediate\debug\game.obj
d:\directx\directx_client\intermediate\debug\fileutils.obj
d:\directx\directx_client\intermediate\debug\constantbuffer.obj
d:\directx\directx_client\intermediate\debug\component.obj
d:\directx\directx_client\intermediate\debug\camera.obj
d:\directx\directx_client\intermediate\debug\button.obj
d:\directx\directx_client\intermediate\debug\billboard.obj
d:\directx\directx_client\intermediate\debug\basecollider.obj
d:\directx\directx_client\intermediate\debug\aabbboxcollider.obj
d:\directx\directx_client\intermediate\debug\shader.obj
d:\directx\directx_client\intermediate\debug\scenemanager.obj
d:\directx\directx_client\intermediate\debug\scene.obj
d:\directx\directx_client\intermediate\debug\resourcemanager.obj
d:\directx\directx_client\intermediate\debug\resourcebase.obj
d:\directx\directx_client\intermediate\debug\bindshaderdesc.obj
d:\directx\directx_client\intermediate\debug\rawbuffer.obj
d:\directx\directx_client\intermediate\debug\primitive3d.obj
d:\directx\directx_client\intermediate\debug\pass.obj
d:\directx\directx_client\intermediate\debug\obbboxcollider.obj
d:\directx\directx_client\intermediate\debug\monobehaviour.obj
d:\directx\directx_client\intermediate\debug\modelrenderer.obj
d:\directx\directx_client\intermediate\debug\modelmesh.obj
d:\directx\directx_client\intermediate\debug\modelanimator.obj
d:\directx\directx_client\intermediate\debug\modelanimation.obj
d:\directx\directx_client\intermediate\debug\model.obj
d:\directx\directx_client\intermediate\debug\meshrenderer.obj
d:\directx\directx_client\intermediate\debug\mesh.obj
d:\directx\directx_client\intermediate\debug\mathutils.obj
d:\directx\directx_client\intermediate\debug\material.obj
d:\directx\directx_client\intermediate\debug\viewport.obj
d:\directx\directx_client\intermediate\debug\vertexdata.obj
d:\directx\directx_client\intermediate\debug\vertexbuffer.obj
d:\directx\directx_client\intermediate\debug\utils.obj
d:\directx\directx_client\intermediate\debug\transform.obj
d:\directx\directx_client\intermediate\debug\timemanager.obj
d:\directx\directx_client\intermediate\debug\texturebuffer.obj
d:\directx\directx_client\intermediate\debug\texture.obj
d:\directx\directx_client\intermediate\debug\terrain.obj
d:\directx\directx_client\intermediate\debug\technique.obj
d:\directx\directx_client\intermediate\debug\structuredbuffer.obj
d:\directx\directx_client\intermediate\debug\spherecollider.obj
d:\directx\directx_client\intermediate\debug\snowbillboard.obj
d:\directx\directx_client\intermediate\debug\simplemath.obj
d:\directx\directx_client\intermediate\debug\tinyxml2.obj
d:\directx\directx_client\intermediate\debug\imgui_widgets.obj
d:\directx\directx_client\intermediate\debug\imgui_tables.obj
d:\directx\directx_client\intermediate\debug\imgui_impl_win32.obj
d:\directx\directx_client\intermediate\debug\imgui_impl_dx11.obj
d:\directx\directx_client\intermediate\debug\imgui_draw.obj
d:\directx\directx_client\intermediate\debug\imgui_demo.obj
d:\directx\directx_client\intermediate\debug\imgui.obj
d:\directx\directx_client\libraries\lib\engine\engine.lib
d:\directx\directx_client\intermediate\debug\01. triangledemo.obj
d:\directx\directx_client\intermediate\debug\02. quaddemo.obj
d:\directx\directx_client\intermediate\debug\03. constbufferdemo.obj
d:\directx\directx_client\intermediate\debug\04. camerademo.obj
d:\directx\directx_client\intermediate\debug\05. texturedemo.obj
d:\directx\directx_client\intermediate\debug\06. samplerdemo.obj
d:\directx\directx_client\intermediate\debug\07. heightmapdemo.obj
d:\directx\directx_client\intermediate\debug\08. normaldemo.obj
d:\directx\directx_client\intermediate\debug\09. meshdemo.obj
d:\directx\directx_client\intermediate\debug\10. globaltestdemo.obj
d:\directx\directx_client\intermediate\debug\11. depthstencildemo.obj
d:\directx\directx_client\intermediate\debug\12. ambientdemo.obj
d:\directx\directx_client\intermediate\debug\13. diffusedemo.obj
d:\directx\directx_client\intermediate\debug\14. sperculardemo.obj
d:\directx\directx_client\intermediate\debug\15. emissivedemo.obj
d:\directx\directx_client\intermediate\debug\16. lightingdemo.obj
d:\directx\directx_client\intermediate\debug\17. materialdemo.obj
d:\directx\directx_client\intermediate\debug\18. normalmappingdemo.obj
d:\directx\directx_client\intermediate\debug\animinstancingdemo.obj
d:\directx\directx_client\intermediate\debug\billboarddemo.obj
d:\directx\directx_client\intermediate\debug\buttondemo.obj
d:\directx\directx_client\intermediate\debug\camerascript.obj
d:\directx\directx_client\intermediate\debug\collisiondemo.obj
d:\directx\directx_client\intermediate\debug\groupdemo.obj
d:\directx\directx_client\intermediate\debug\instancingdemo.obj
d:\directx\directx_client\intermediate\debug\main.obj
d:\directx\directx_client\intermediate\debug\meshinstancingdemo.obj
d:\directx\directx_client\intermediate\debug\modelinstancingdemo.obj
d:\directx\directx_client\intermediate\debug\orthographicdemo.obj
d:\directx\directx_client\intermediate\debug\rawbufferdemo.obj
d:\directx\directx_client\intermediate\debug\renderdemo.obj
d:\directx\directx_client\intermediate\debug\scenedemo.obj
d:\directx\directx_client\intermediate\debug\snowdemo.obj
d:\directx\directx_client\intermediate\debug\structuredbufferdemo.obj
d:\directx\directx_client\intermediate\debug\texturebufferdemo.obj
d:\directx\directx_client\intermediate\debug\viewportdemo.obj
d:\directx\directx_client\intermediate\debug\client.ilk
d:\directx\directx_client\intermediate\debug\client.pch
d:\directx\directx_client\intermediate\debug\vc143.idb
d:\directx\directx_client\intermediate\debug\vc143.pdb
d:\directx\directx_client\intermediate\debug\engine.vcxproj.filelistabsolute.txt
d:\directx\directx_client\intermediate\debug\engine.tlog\cl.command.1.tlog
d:\directx\directx_client\intermediate\debug\engine.tlog\cl.read.1.tlog
d:\directx\directx_client\intermediate\debug\engine.tlog\cl.write.1.tlog
d:\directx\directx_client\intermediate\debug\engine.tlog\lib-link.read.1.tlog
d:\directx\directx_client\intermediate\debug\engine.tlog\lib-link.write.1.tlog
d:\directx\directx_client\intermediate\debug\engine.tlog\lib.command.1.tlog
