C:\Program Files\Microsoft Visual Studio\2022\Community\MSBuild\Microsoft\VC\v170\Microsoft.CppBuild.targets(517,5): warning MSB8028: 중간 디렉터리(D:\DirectX\DirectX_Client\Intermediate\Debug\)에 다른 프로젝트(Client.vcxproj)에서 공유하는 파일이 포함되어 있습니다.  이로 인해 잘못된 정리 및 다시 빌드 동작이 수행될 수 있습니다.
  D:\DirectX\DirectX_Client\Engine\AABBBoxCollider.h
  D:\DirectX\DirectX_Client\Engine\BaseCollider.h
  D:\DirectX\DirectX_Client\Engine\Billboard.h
  D:\DirectX\DirectX_Client\Engine\BindShaderDesc.h
  D:\DirectX\DirectX_Client\Engine\Button.h
  D:\DirectX\DirectX_Client\Engine\Camera.h
  D:\DirectX\DirectX_Client\Engine\Component.h
  D:\DirectX\DirectX_Client\Engine\ConstantBuffer.h
  D:\DirectX\DirectX_Client\Engine\Define.h
  D:\DirectX\DirectX_Client\Engine\EnginePch.h
  D:\DirectX\DirectX_Client\Engine\FileUtils.h
  D:\DirectX\DirectX_Client\Engine\Game.h
  D:\DirectX\DirectX_Client\Engine\GameObject.h
  D:\DirectX\DirectX_Client\Engine\Geometry.h
  D:\DirectX\DirectX_Client\Engine\GeometryHelper.h
  D:\DirectX\DirectX_Client\Engine\Graphics.h
  D:\DirectX\DirectX_Client\Engine\IExecute.h
  D:\DirectX\DirectX_Client\Engine\imconfig.h
  D:\DirectX\DirectX_Client\Engine\imgui.h
  D:\DirectX\DirectX_Client\Engine\ImGUIManager.h
  D:\DirectX\DirectX_Client\Engine\imgui_impl_dx11.h
  D:\DirectX\DirectX_Client\Engine\imgui_impl_win32.h
  D:\DirectX\DirectX_Client\Engine\imgui_internal.h
  D:\DirectX\DirectX_Client\Engine\imstb_rectpack.h
  D:\DirectX\DirectX_Client\Engine\imstb_textedit.h
  D:\DirectX\DirectX_Client\Engine\imstb_truetype.h
  D:\DirectX\DirectX_Client\Engine\IndexBuffer.h
  D:\DirectX\DirectX_Client\Engine\InputManager.h
  D:\DirectX\DirectX_Client\Engine\InstancingBuffer.h
  D:\DirectX\DirectX_Client\Engine\InstancingManager.h
  D:\DirectX\DirectX_Client\Engine\Light.h
  D:\DirectX\DirectX_Client\Engine\Material.h
  D:\DirectX\DirectX_Client\Engine\MathUtils.h
  D:\DirectX\DirectX_Client\Engine\Mesh.h
  D:\DirectX\DirectX_Client\Engine\MeshRenderer.h
  D:\DirectX\DirectX_Client\Engine\Model.h
  D:\DirectX\DirectX_Client\Engine\ModelAnimation.h
  D:\DirectX\DirectX_Client\Engine\ModelAnimator.h
  D:\DirectX\DirectX_Client\Engine\ModelMesh.h
  D:\DirectX\DirectX_Client\Engine\ModelRenderer.h
  D:\DirectX\DirectX_Client\Engine\MonoBehaviour.h
  D:\DirectX\DirectX_Client\Engine\OBBBoxCollider.h
  D:\DirectX\DirectX_Client\Engine\Pass.h
  D:\DirectX\DirectX_Client\Engine\pch.h
  D:\DirectX\DirectX_Client\Engine\Primitive3D.h
  D:\DirectX\DirectX_Client\Engine\RawBuffer.h
  D:\DirectX\DirectX_Client\Engine\ResourceBase.h
  D:\DirectX\DirectX_Client\Engine\ResourceManager.h
  D:\DirectX\DirectX_Client\Engine\Scene.h
  D:\DirectX\DirectX_Client\Engine\SceneManager.h
  D:\DirectX\DirectX_Client\Engine\Shader.h
  D:\DirectX\DirectX_Client\Engine\SimpleMath.h
  D:\DirectX\DirectX_Client\Engine\SnowBillboard.h
  D:\DirectX\DirectX_Client\Engine\SphereCollider.h
  D:\DirectX\DirectX_Client\Engine\StructuredBuffer.h
  D:\DirectX\DirectX_Client\Engine\Technique.h
  D:\DirectX\DirectX_Client\Engine\Terrain.h
  D:\DirectX\DirectX_Client\Engine\Texture.h
  D:\DirectX\DirectX_Client\Engine\TextureBuffer.h
  D:\DirectX\DirectX_Client\Engine\TimeManager.h
  D:\DirectX\DirectX_Client\Engine\tinyxml2.h
  D:\DirectX\DirectX_Client\Engine\Transform.h
  D:\DirectX\DirectX_Client\Engine\Types.h
  D:\DirectX\DirectX_Client\Engine\Utils.h
  D:\DirectX\DirectX_Client\Engine\VertexBuffer.h
  D:\DirectX\DirectX_Client\Engine\VertexData.h
  D:\DirectX\DirectX_Client\Engine\Viewport.h
  67개 파일이 복사되었습니다.
  D:\DirectX\DirectX_Client\Engine\SimpleMath.inl
  1개 파일이 복사되었습니다.
  AABBBoxCollider.cpp
  OBBBoxCollider.cpp
  Pass.cpp
  SphereCollider.cpp
  Viewport.cpp
  코드를 생성하고 있습니다...
  imgui.cpp
  imgui_demo.cpp
  imgui_draw.cpp
  imgui_impl_dx11.cpp
  imgui_impl_win32.cpp
  imgui_tables.cpp
  imgui_widgets.cpp
  tinyxml2.cpp
  코드를 생성하고 있습니다...
  Engine.vcxproj -> D:\DirectX\DirectX_Client\Libraries\Lib\Engine\Engine.lib
